// Jest Snapshot v1, https://goo.gl/fbAQLP

exports[`component renders 1`] = `
<table
  className="board-wrapper "
>
  <tbody>
    <tr
      className="board-row"
    >
      <td
        className="board-element"
      >
        <div
          className="board-tile"
          data-player={0}
          data-x="0"
          data-y="0"
          onClick={[Function]}
          onMouseLeave={[Function]}
          onMouseMove={[Function]}
        />
      </td>
      <td
        className="board-element"
      >
        <div
          className="board-tile"
          data-player={0}
          data-x="0"
          data-y="1"
          onClick={[Function]}
          onMouseLeave={[Function]}
          onMouseMove={[Function]}
        />
      </td>
      <td
        className="board-element"
      >
        <div
          className="board-tile"
          data-player={0}
          data-x="0"
          data-y="2"
          onClick={[Function]}
          onMouseLeave={[Function]}
          onMouseMove={[Function]}
        />
      </td>
      <td
        className="board-element"
      >
        <div
          className="board-tile"
          data-player={0}
          data-x="0"
          data-y="3"
          onClick={[Function]}
          onMouseLeave={[Function]}
          onMouseMove={[Function]}
        />
      </td>
    </tr>
    <tr
      className="board-row"
    >
      <td
        className="board-element"
      >
        <div
          className="board-tile"
          data-player={0}
          data-x="1"
          data-y="0"
          onClick={[Function]}
          onMouseLeave={[Function]}
          onMouseMove={[Function]}
        />
      </td>
      <td
        className="board-element"
      >
        <div
          className="board-tile"
          data-player={0}
          data-x="1"
          data-y="1"
          onClick={[Function]}
          onMouseLeave={[Function]}
          onMouseMove={[Function]}
        />
      </td>
      <td
        className="board-element"
      >
        <div
          className="board-tile"
          data-player={0}
          data-x="1"
          data-y="2"
          onClick={[Function]}
          onMouseLeave={[Function]}
          onMouseMove={[Function]}
        />
      </td>
      <td
        className="board-element"
      >
        <div
          className="board-tile"
          data-player={0}
          data-x="1"
          data-y="3"
          onClick={[Function]}
          onMouseLeave={[Function]}
          onMouseMove={[Function]}
        />
      </td>
    </tr>
    <tr
      className="board-row"
    >
      <td
        className="board-element"
      >
        <div
          className="board-tile"
          data-player={0}
          data-x="2"
          data-y="0"
          onClick={[Function]}
          onMouseLeave={[Function]}
          onMouseMove={[Function]}
        />
      </td>
      <td
        className="board-element"
      >
        <div
          className="board-tile"
          data-player={0}
          data-x="2"
          data-y="1"
          onClick={[Function]}
          onMouseLeave={[Function]}
          onMouseMove={[Function]}
        />
      </td>
      <td
        className="board-element"
      >
        <div
          className="board-tile"
          data-player={0}
          data-x="2"
          data-y="2"
          onClick={[Function]}
          onMouseLeave={[Function]}
          onMouseMove={[Function]}
        />
      </td>
      <td
        className="board-element"
      >
        <div
          className="board-tile"
          data-player={0}
          data-x="2"
          data-y="3"
          onClick={[Function]}
          onMouseLeave={[Function]}
          onMouseMove={[Function]}
        />
      </td>
    </tr>
    <tr
      className="board-row"
    >
      <td
        className="board-element"
      >
        <div
          className="board-tile"
          data-player={0}
          data-x="3"
          data-y="0"
          onClick={[Function]}
          onMouseLeave={[Function]}
          onMouseMove={[Function]}
        />
      </td>
      <td
        className="board-element"
      >
        <div
          className="board-tile"
          data-player={0}
          data-x="3"
          data-y="1"
          onClick={[Function]}
          onMouseLeave={[Function]}
          onMouseMove={[Function]}
        />
      </td>
      <td
        className="board-element"
      >
        <div
          className="board-tile"
          data-player={0}
          data-x="3"
          data-y="2"
          onClick={[Function]}
          onMouseLeave={[Function]}
          onMouseMove={[Function]}
        />
      </td>
      <td
        className="board-element"
      >
        <div
          className="board-tile"
          data-player={0}
          data-x="3"
          data-y="3"
          onClick={[Function]}
          onMouseLeave={[Function]}
          onMouseMove={[Function]}
        />
      </td>
    </tr>
  </tbody>
</table>
`;
